// Jest Snapshot v1, https://goo.gl/fbAQLP

exports[`CreateOrder page renders CreateOrder unchanged 1`] = `
{
  "$$typeof": Symbol(react.transitional.element),
  "_owner": null,
  "_store": {},
  "key": null,
  "props": {
    "children": [
      {
        "$$typeof": Symbol(react.transitional.element),
        "_owner": null,
        "_store": {},
        "key": null,
        "props": {
          "children": {
            "$$typeof": Symbol(react.transitional.element),
            "_owner": null,
            "_store": {},
            "key": null,
            "props": {
              "children": {
                "$$typeof": Symbol(react.transitional.element),
                "_owner": null,
                "_store": {},
                "key": null,
                "props": {
                  "children": [
                    {
                      "$$typeof": Symbol(react.transitional.element),
                      "_owner": null,
                      "_store": {},
                      "key": null,
                      "props": {},
                      "type": {
                        "$$typeof": Symbol(react.forward_ref),
                        "render": [Function],
                      },
                    },
                    {
                      "$$typeof": Symbol(react.transitional.element),
                      "_owner": null,
                      "_store": {},
                      "key": null,
                      "props": {
                        "children": "Votar",
                        "className": "text-sm",
                      },
                      "type": "span",
                    },
                  ],
                  "className": "flex flex-row items-center gap-1",
                  "href": "/",
                },
                "type": {
                  "$$typeof": Symbol(react.forward_ref),
                  "default": [Circular],
                  "render": [Function],
                  "useLinkStatus": [Function],
                },
              },
              "className": "bg-slate-800",
            },
            "type": [Function],
          },
          "className": "mb-4",
        },
        "type": "div",
      },
      {
        "$$typeof": Symbol(react.transitional.element),
        "_owner": null,
        "_store": {},
        "key": null,
        "props": {
          "children": [
            {
              "$$typeof": Symbol(react.transitional.element),
              "_owner": null,
              "_store": {},
              "key": null,
              "props": {
                "children": {
                  "$$typeof": Symbol(react.transitional.element),
                  "_owner": null,
                  "_store": {},
                  "key": null,
                  "props": {
                    "children": "Crie uma Nova Ordem",
                    "className": "text-slate-900",
                  },
                  "type": [Function],
                },
              },
              "type": [Function],
            },
            {
              "$$typeof": Symbol(react.transitional.element),
              "_owner": null,
              "_store": {},
              "key": null,
              "props": {
                "children": {
                  "$$typeof": Symbol(react.transitional.element),
                  "_owner": null,
                  "_store": {},
                  "key": null,
                  "props": {},
                  "type": [Function],
                },
                "className": "space-y-2 text-slate-800",
              },
              "type": [Function],
            },
          ],
          "className": "rounded-2xl border-slate-200 bg-slate-50 p-4 shadow-md",
        },
        "type": [Function],
      },
    ],
  },
  "type": "div",
}
`;
